---
source: src/main.rs
assertion_line: 426
expression: python_code
---
python
